  Determining projects to restore...
c:\Users\user\C#\DashBoardProject\DashBoardProject\DashBoardProject.csproj : warning NU1701: Package 'Oracle.ManagedDataAccess 23.9.1' was restored using '.NETFramework,Version=v4.6.1, .NETFramework,Version=v4.6.2, .NETFramework,Version=v4.7, .NETFramework,Version=v4.7.1, .NETFramework,Version=v4.7.2, .NETFramework,Version=v4.8, .NETFramework,Version=v4.8.1' instead of the project target framework 'net9.0'. This package may not be fully compatible with your project.
  Restored c:\Users\user\C#\DashBoardProject\DashBoardProject\DashBoardProject.csproj (in 2.53 sec).
c:\Users\user\C#\DashBoardProject\DashBoardProject\DashBoardProject.csproj : warning NU1701: Package 'Oracle.ManagedDataAccess 23.9.1' was restored using '.NETFramework,Version=v4.6.1, .NETFramework,Version=v4.6.2, .NETFramework,Version=v4.7, .NETFramework,Version=v4.7.1, .NETFramework,Version=v4.7.2, .NETFramework,Version=v4.8, .NETFramework,Version=v4.8.1' instead of the project target framework 'net9.0'. This package may not be fully compatible with your project.
c:\Users\user\C#\DashBoardProject\DashBoardProject\Models\AccountBalance.cs(60,31): warning CS8618: Non-nullable property 'MalMulk' must contain a non-null value when exiting constructor. Consider adding the 'required' modifier or declaring the property as nullable. [c:\Users\user\C#\DashBoardProject\DashBoardProject\DashBoardProject.csproj]
c:\Users\user\C#\DashBoardProject\DashBoardProject\Models\AccountBalance.cs(61,35): warning CS8618: Non-nullable property 'Dovriyye' must contain a non-null value when exiting constructor. Consider adding the 'required' modifier or declaring the property as nullable. [c:\Users\user\C#\DashBoardProject\DashBoardProject\DashBoardProject.csproj]
c:\Users\user\C#\DashBoardProject\DashBoardProject\Models\AccountBalance.cs(62,35): warning CS8618: Non-nullable property 'MalMaterialHereketleri' must contain a non-null value when exiting constructor. Consider adding the 'required' modifier or declaring the property as nullable. [c:\Users\user\C#\DashBoardProject\DashBoardProject\DashBoardProject.csproj]
c:\Users\user\C#\DashBoardProject\DashBoardProject\Models\AccountBalance.cs(12,35): warning CS8618: Non-nullable property 'IlkinQaliq' must contain a non-null value when exiting constructor. Consider adding the 'required' modifier or declaring the property as nullable. [c:\Users\user\C#\DashBoardProject\DashBoardProject\DashBoardProject.csproj]
c:\Users\user\C#\DashBoardProject\DashBoardProject\Models\AccountBalance.cs(13,35): warning CS8618: Non-nullable property 'Medaxil' must contain a non-null value when exiting constructor. Consider adding the 'required' modifier or declaring the property as nullable. [c:\Users\user\C#\DashBoardProject\DashBoardProject\DashBoardProject.csproj]
c:\Users\user\C#\DashBoardProject\DashBoardProject\Models\AccountBalance.cs(14,35): warning CS8618: Non-nullable property 'Mexaric' must contain a non-null value when exiting constructor. Consider adding the 'required' modifier or declaring the property as nullable. [c:\Users\user\C#\DashBoardProject\DashBoardProject\DashBoardProject.csproj]
c:\Users\user\C#\DashBoardProject\DashBoardProject\Models\AccountBalance.cs(15,35): warning CS8618: Non-nullable property 'SonQaliq' must contain a non-null value when exiting constructor. Consider adding the 'required' modifier or declaring the property as nullable. [c:\Users\user\C#\DashBoardProject\DashBoardProject\DashBoardProject.csproj]
c:\Users\user\C#\DashBoardProject\DashBoardProject\Models\AccountBalance.cs(32,23): warning CS8618: Non-nullable property 'CategoryName' must contain a non-null value when exiting constructor. Consider adding the 'required' modifier or declaring the property as nullable. [c:\Users\user\C#\DashBoardProject\DashBoardProject\DashBoardProject.csproj]
c:\Users\user\C#\DashBoardProject\DashBoardProject\Models\AccountBalance.cs(43,36): warning CS8618: Non-nullable property 'IlkinQaliq' must contain a non-null value when exiting constructor. Consider adding the 'required' modifier or declaring the property as nullable. [c:\Users\user\C#\DashBoardProject\DashBoardProject\DashBoardProject.csproj]
c:\Users\user\C#\DashBoardProject\DashBoardProject\Models\AccountBalance.cs(44,36): warning CS8618: Non-nullable property 'Medaxil' must contain a non-null value when exiting constructor. Consider adding the 'required' modifier or declaring the property as nullable. [c:\Users\user\C#\DashBoardProject\DashBoardProject\DashBoardProject.csproj]
c:\Users\user\C#\DashBoardProject\DashBoardProject\Models\AccountBalance.cs(45,36): warning CS8618: Non-nullable property 'Mexaric' must contain a non-null value when exiting constructor. Consider adding the 'required' modifier or declaring the property as nullable. [c:\Users\user\C#\DashBoardProject\DashBoardProject\DashBoardProject.csproj]
c:\Users\user\C#\DashBoardProject\DashBoardProject\Models\AccountBalance.cs(46,36): warning CS8618: Non-nullable property 'Silinme' must contain a non-null value when exiting constructor. Consider adding the 'required' modifier or declaring the property as nullable. [c:\Users\user\C#\DashBoardProject\DashBoardProject\DashBoardProject.csproj]
c:\Users\user\C#\DashBoardProject\DashBoardProject\Models\AccountBalance.cs(47,36): warning CS8618: Non-nullable property 'SonQaliq' must contain a non-null value when exiting constructor. Consider adding the 'required' modifier or declaring the property as nullable. [c:\Users\user\C#\DashBoardProject\DashBoardProject\DashBoardProject.csproj]
c:\Users\user\C#\DashBoardProject\DashBoardProject\Models\AccountBalance.cs(52,31): warning CS8618: Non-nullable property 'TeskilatUzre' must contain a non-null value when exiting constructor. Consider adding the 'required' modifier or declaring the property as nullable. [c:\Users\user\C#\DashBoardProject\DashBoardProject\DashBoardProject.csproj]
c:\Users\user\C#\DashBoardProject\DashBoardProject\Models\AccountBalance.cs(53,30): warning CS8618: Non-nullable property 'XidmetTipi' must contain a non-null value when exiting constructor. Consider adding the 'required' modifier or declaring the property as nullable. [c:\Users\user\C#\DashBoardProject\DashBoardProject\DashBoardProject.csproj]
c:\Users\user\C#\DashBoardProject\DashBoardProject\Models\AccountBalance.cs(54,41): warning CS8618: Non-nullable property 'Xidmet_Categoryasi' must contain a non-null value when exiting constructor. Consider adding the 'required' modifier or declaring the property as nullable. [c:\Users\user\C#\DashBoardProject\DashBoardProject\DashBoardProject.csproj]
c:\Users\user\C#\DashBoardProject\DashBoardProject\Repository\DashBoardRepo.cs(76,46): error CS0117: 'Xidmet_Categoryasi' does not contain a definition for 'top' [c:\Users\user\C#\DashBoardProject\DashBoardProject\DashBoardProject.csproj]
c:\Users\user\C#\DashBoardProject\DashBoardProject\Views\DashBoard\Details.cshtml(24,19): warning CS8604: Possible null reference argument for parameter 'item' in 'void List<string>.Add(string item)'. [c:\Users\user\C#\DashBoardProject\DashBoardProject\DashBoardProject.csproj]
c:\Users\user\C#\DashBoardProject\DashBoardProject\Views\DashBoard\Details.cshtml(49,24): warning CS8604: Possible null reference argument for parameter 'item' in 'void List<string>.Add(string item)'. [c:\Users\user\C#\DashBoardProject\DashBoardProject\DashBoardProject.csproj]
c:\Users\user\C#\DashBoardProject\DashBoardProject\Views\DashBoard\Details.cshtml(74,25): warning CS8604: Possible null reference argument for parameter 'item' in 'void List<string>.Add(string item)'. [c:\Users\user\C#\DashBoardProject\DashBoardProject\DashBoardProject.csproj]
c:\Users\user\C#\DashBoardProject\DashBoardProject\Views\DashBoard\Details.cshtml(99,27): warning CS8604: Possible null reference argument for parameter 'item' in 'void List<string>.Add(string item)'. [c:\Users\user\C#\DashBoardProject\DashBoardProject\DashBoardProject.csproj]
c:\Users\user\C#\DashBoardProject\DashBoardProject\Views\DashBoard\Details.cshtml(135,29): warning CS8604: Possible null reference argument for parameter 'item' in 'void List<string>.Add(string item)'. [c:\Users\user\C#\DashBoardProject\DashBoardProject\DashBoardProject.csproj]
c:\Users\user\C#\DashBoardProject\DashBoardProject\Views\DashBoard\Details.cshtml(143,29): warning CS8604: Possible null reference argument for parameter 'item' in 'void List<string>.Add(string item)'. [c:\Users\user\C#\DashBoardProject\DashBoardProject\DashBoardProject.csproj]
c:\Users\user\C#\DashBoardProject\DashBoardProject\Views\DashBoard\Details.cshtml(151,29): warning CS8604: Possible null reference argument for parameter 'item' in 'void List<string>.Add(string item)'. [c:\Users\user\C#\DashBoardProject\DashBoardProject\DashBoardProject.csproj]
c:\Users\user\C#\DashBoardProject\DashBoardProject\Views\DashBoard\Details.cshtml(159,29): warning CS8604: Possible null reference argument for parameter 'item' in 'void List<string>.Add(string item)'. [c:\Users\user\C#\DashBoardProject\DashBoardProject\DashBoardProject.csproj]

Build FAILED.

c:\Users\user\C#\DashBoardProject\DashBoardProject\DashBoardProject.csproj : warning NU1701: Package 'Oracle.ManagedDataAccess 23.9.1' was restored using '.NETFramework,Version=v4.6.1, .NETFramework,Version=v4.6.2, .NETFramework,Version=v4.7, .NETFramework,Version=v4.7.1, .NETFramework,Version=v4.7.2, .NETFramework,Version=v4.8, .NETFramework,Version=v4.8.1' instead of the project target framework 'net9.0'. This package may not be fully compatible with your project.
c:\Users\user\C#\DashBoardProject\DashBoardProject\DashBoardProject.csproj : warning NU1701: Package 'Oracle.ManagedDataAccess 23.9.1' was restored using '.NETFramework,Version=v4.6.1, .NETFramework,Version=v4.6.2, .NETFramework,Version=v4.7, .NETFramework,Version=v4.7.1, .NETFramework,Version=v4.7.2, .NETFramework,Version=v4.8, .NETFramework,Version=v4.8.1' instead of the project target framework 'net9.0'. This package may not be fully compatible with your project.
c:\Users\user\C#\DashBoardProject\DashBoardProject\Models\AccountBalance.cs(60,31): warning CS8618: Non-nullable property 'MalMulk' must contain a non-null value when exiting constructor. Consider adding the 'required' modifier or declaring the property as nullable. [c:\Users\user\C#\DashBoardProject\DashBoardProject\DashBoardProject.csproj]
c:\Users\user\C#\DashBoardProject\DashBoardProject\Models\AccountBalance.cs(61,35): warning CS8618: Non-nullable property 'Dovriyye' must contain a non-null value when exiting constructor. Consider adding the 'required' modifier or declaring the property as nullable. [c:\Users\user\C#\DashBoardProject\DashBoardProject\DashBoardProject.csproj]
c:\Users\user\C#\DashBoardProject\DashBoardProject\Models\AccountBalance.cs(62,35): warning CS8618: Non-nullable property 'MalMaterialHereketleri' must contain a non-null value when exiting constructor. Consider adding the 'required' modifier or declaring the property as nullable. [c:\Users\user\C#\DashBoardProject\DashBoardProject\DashBoardProject.csproj]
c:\Users\user\C#\DashBoardProject\DashBoardProject\Models\AccountBalance.cs(12,35): warning CS8618: Non-nullable property 'IlkinQaliq' must contain a non-null value when exiting constructor. Consider adding the 'required' modifier or declaring the property as nullable. [c:\Users\user\C#\DashBoardProject\DashBoardProject\DashBoardProject.csproj]
c:\Users\user\C#\DashBoardProject\DashBoardProject\Models\AccountBalance.cs(13,35): warning CS8618: Non-nullable property 'Medaxil' must contain a non-null value when exiting constructor. Consider adding the 'required' modifier or declaring the property as nullable. [c:\Users\user\C#\DashBoardProject\DashBoardProject\DashBoardProject.csproj]
c:\Users\user\C#\DashBoardProject\DashBoardProject\Models\AccountBalance.cs(14,35): warning CS8618: Non-nullable property 'Mexaric' must contain a non-null value when exiting constructor. Consider adding the 'required' modifier or declaring the property as nullable. [c:\Users\user\C#\DashBoardProject\DashBoardProject\DashBoardProject.csproj]
c:\Users\user\C#\DashBoardProject\DashBoardProject\Models\AccountBalance.cs(15,35): warning CS8618: Non-nullable property 'SonQaliq' must contain a non-null value when exiting constructor. Consider adding the 'required' modifier or declaring the property as nullable. [c:\Users\user\C#\DashBoardProject\DashBoardProject\DashBoardProject.csproj]
c:\Users\user\C#\DashBoardProject\DashBoardProject\Models\AccountBalance.cs(32,23): warning CS8618: Non-nullable property 'CategoryName' must contain a non-null value when exiting constructor. Consider adding the 'required' modifier or declaring the property as nullable. [c:\Users\user\C#\DashBoardProject\DashBoardProject\DashBoardProject.csproj]
c:\Users\user\C#\DashBoardProject\DashBoardProject\Models\AccountBalance.cs(43,36): warning CS8618: Non-nullable property 'IlkinQaliq' must contain a non-null value when exiting constructor. Consider adding the 'required' modifier or declaring the property as nullable. [c:\Users\user\C#\DashBoardProject\DashBoardProject\DashBoardProject.csproj]
c:\Users\user\C#\DashBoardProject\DashBoardProject\Models\AccountBalance.cs(44,36): warning CS8618: Non-nullable property 'Medaxil' must contain a non-null value when exiting constructor. Consider adding the 'required' modifier or declaring the property as nullable. [c:\Users\user\C#\DashBoardProject\DashBoardProject\DashBoardProject.csproj]
c:\Users\user\C#\DashBoardProject\DashBoardProject\Models\AccountBalance.cs(45,36): warning CS8618: Non-nullable property 'Mexaric' must contain a non-null value when exiting constructor. Consider adding the 'required' modifier or declaring the property as nullable. [c:\Users\user\C#\DashBoardProject\DashBoardProject\DashBoardProject.csproj]
c:\Users\user\C#\DashBoardProject\DashBoardProject\Models\AccountBalance.cs(46,36): warning CS8618: Non-nullable property 'Silinme' must contain a non-null value when exiting constructor. Consider adding the 'required' modifier or declaring the property as nullable. [c:\Users\user\C#\DashBoardProject\DashBoardProject\DashBoardProject.csproj]
c:\Users\user\C#\DashBoardProject\DashBoardProject\Models\AccountBalance.cs(47,36): warning CS8618: Non-nullable property 'SonQaliq' must contain a non-null value when exiting constructor. Consider adding the 'required' modifier or declaring the property as nullable. [c:\Users\user\C#\DashBoardProject\DashBoardProject\DashBoardProject.csproj]
c:\Users\user\C#\DashBoardProject\DashBoardProject\Models\AccountBalance.cs(52,31): warning CS8618: Non-nullable property 'TeskilatUzre' must contain a non-null value when exiting constructor. Consider adding the 'required' modifier or declaring the property as nullable. [c:\Users\user\C#\DashBoardProject\DashBoardProject\DashBoardProject.csproj]
c:\Users\user\C#\DashBoardProject\DashBoardProject\Models\AccountBalance.cs(53,30): warning CS8618: Non-nullable property 'XidmetTipi' must contain a non-null value when exiting constructor. Consider adding the 'required' modifier or declaring the property as nullable. [c:\Users\user\C#\DashBoardProject\DashBoardProject\DashBoardProject.csproj]
c:\Users\user\C#\DashBoardProject\DashBoardProject\Models\AccountBalance.cs(54,41): warning CS8618: Non-nullable property 'Xidmet_Categoryasi' must contain a non-null value when exiting constructor. Consider adding the 'required' modifier or declaring the property as nullable. [c:\Users\user\C#\DashBoardProject\DashBoardProject\DashBoardProject.csproj]
c:\Users\user\C#\DashBoardProject\DashBoardProject\Views\DashBoard\Details.cshtml(24,19): warning CS8604: Possible null reference argument for parameter 'item' in 'void List<string>.Add(string item)'. [c:\Users\user\C#\DashBoardProject\DashBoardProject\DashBoardProject.csproj]
c:\Users\user\C#\DashBoardProject\DashBoardProject\Views\DashBoard\Details.cshtml(49,24): warning CS8604: Possible null reference argument for parameter 'item' in 'void List<string>.Add(string item)'. [c:\Users\user\C#\DashBoardProject\DashBoardProject\DashBoardProject.csproj]
c:\Users\user\C#\DashBoardProject\DashBoardProject\Views\DashBoard\Details.cshtml(74,25): warning CS8604: Possible null reference argument for parameter 'item' in 'void List<string>.Add(string item)'. [c:\Users\user\C#\DashBoardProject\DashBoardProject\DashBoardProject.csproj]
c:\Users\user\C#\DashBoardProject\DashBoardProject\Views\DashBoard\Details.cshtml(99,27): warning CS8604: Possible null reference argument for parameter 'item' in 'void List<string>.Add(string item)'. [c:\Users\user\C#\DashBoardProject\DashBoardProject\DashBoardProject.csproj]
c:\Users\user\C#\DashBoardProject\DashBoardProject\Views\DashBoard\Details.cshtml(135,29): warning CS8604: Possible null reference argument for parameter 'item' in 'void List<string>.Add(string item)'. [c:\Users\user\C#\DashBoardProject\DashBoardProject\DashBoardProject.csproj]
c:\Users\user\C#\DashBoardProject\DashBoardProject\Views\DashBoard\Details.cshtml(143,29): warning CS8604: Possible null reference argument for parameter 'item' in 'void List<string>.Add(string item)'. [c:\Users\user\C#\DashBoardProject\DashBoardProject\DashBoardProject.csproj]
c:\Users\user\C#\DashBoardProject\DashBoardProject\Views\DashBoard\Details.cshtml(151,29): warning CS8604: Possible null reference argument for parameter 'item' in 'void List<string>.Add(string item)'. [c:\Users\user\C#\DashBoardProject\DashBoardProject\DashBoardProject.csproj]
c:\Users\user\C#\DashBoardProject\DashBoardProject\Views\DashBoard\Details.cshtml(159,29): warning CS8604: Possible null reference argument for parameter 'item' in 'void List<string>.Add(string item)'. [c:\Users\user\C#\DashBoardProject\DashBoardProject\DashBoardProject.csproj]
c:\Users\user\C#\DashBoardProject\DashBoardProject\Repository\DashBoardRepo.cs(76,46): error CS0117: 'Xidmet_Categoryasi' does not contain a definition for 'top' [c:\Users\user\C#\DashBoardProject\DashBoardProject\DashBoardProject.csproj]
    26 Warning(s)
    1 Error(s)

Time Elapsed 00:00:04.55

Workload updates are available. Run `dotnet workload list` for more information.
